[debug] [2026-10-07T11:20:33.034Z] : 
[debug] [2026-10-07T11:20:33.035Z] : ----------------------------------------------------------------------
[debug] [2026-10-07T11:20:33.035Z] : Command:      C:\Program Files\nodejs\node.exe C:\Users\DELL\AppData\Roaming\npm\node_modules\zcatalyst-cli\lib\bin\catalyst.js serve
[debug] [2026-10-07T11:20:33.035Z] : CLI Version:  1.23.0
[debug] [2026-10-07T11:20:33.036Z] : Platform:     win32
[debug] [2026-10-07T11:20:33.036Z] : Node Version: v24.14.1
[debug] [2026-10-07T11:20:33.036Z] : Time:         Wed Oct 07 2026 16:50:33 GMT+0530 (India Standard Time)
[debug] [2026-10-07T11:20:33.036Z] : ----------------------------------------------------------------------
[debug] [2026-10-07T11:20:33.036Z] : 
[debug] [2026-10-07T11:20:33.414Z] : > authorizing via signed-in user option
[debug] [2026-10-07T11:20:33.415Z] : > command requires scopes: ["ZohoCatalyst.projects.ALL","ZohoCatalyst.apigateway.apis.READ","ZohoCatalyst.apigateway.READ","ZohoCatalyst.segments.ALL","ZohoCatalyst.cache.READ","ZohoCatalyst.cache.CREATE","ZohoCatalyst.cache.DELETE","ZohoCatalyst.projects.ALL","ZohoCatalyst.cron.ALL","ZohoCatalyst.zcql.CREATE","ZohoCatalyst.projects.users.READ","ZohoCatalyst.projects.users.CREATE","ZohoCatalyst.projects.users.DELETE","ZohoCatalyst.projects.users.UPDATE","ZohoCatalyst.authentication.CREATE","ZohoCatalyst.email.CREATE","ZohoCatalyst.tables.ALL","ZohoCatalyst.tables.rows.ALL","ZohoCatalyst.tables.columns.ALL","ZohoCatalyst.tables.bulk.CREATE","ZohoCatalyst.tables.bulk.READ","ZohoCatalyst.folders.ALL","ZohoCatalyst.files.CREATE","ZohoCatalyst.files.READ","ZohoCatalyst.files.DELETE","ZohoCatalyst.functions.ALL","ZohoCatalyst.functions.EXECUTE","ZohoCatalyst.eventlistners.ALL","ZohoCatalyst.eventlisteners.produce","ZohoCatalyst.security.rules.Read","ZohoCatalyst.security.rules.Update","ZohoCatalyst.notifications.mobile","ZohoCatalyst.notifications.web","ZohoCatalyst.search.READ","ZohoCatalyst.mlkit.READ","QuickML.deployment.READ","ZohoCatalyst.pdfshot.execute","ZohoCatalyst.dataverse.execute","ZohoCatalyst.circuits.execution.DELETE","ZohoCatalyst.circuits.execution.READ","ZohoCatalyst.circuits.execute","ZohoCatalyst.appsail.Read","ZohoCatalyst.jobpool.READ","ZohoCatalyst.job.ALL","ZohoCatalyst.nosql.READ","ZohoCatalyst.nosql.rows.ALL"]
[debug] [2026-10-07T11:20:33.428Z] : >>>> HTTP REQUEST : GET https://api.catalyst.zoho.com/baas/v1/project/31902000002215215 

[debug] [2026-10-07T11:20:34.375Z] : <<<< HTTP RESPONSE : 200
Response Headers: {"server":"ZGS","date":"Wed, 07 Oct 2026 11:20:33 GMT","content-type":"application/vnd.catalyst.v2+json","transfer-encoding":"chunked","connection":"keep-alive","x-content-type-options":"nosniff","cache-control":"private,no-cache,no-store,max-age=0,must-revalidate","pragma":"no-cache","expires":"Thu, 01 Jan 1970 00:00:00 GMT","x-frame-options":"DENY","strict-transport-security":"max-age=64072000; includeSubDomains; preload"}

[debug] [2026-10-07T11:20:34.379Z] : >>>> HTTP REQUEST : GET https://api.catalyst.zoho.com/baas/v1/project/31902000002215215/environment 

[debug] [2026-10-07T11:20:34.784Z] : <<<< HTTP RESPONSE : 200
Response Headers: {"server":"ZGS","date":"Wed, 07 Oct 2026 11:20:34 GMT","content-type":"application/vnd.catalyst.v2+json","transfer-encoding":"chunked","connection":"keep-alive","x-content-type-options":"nosniff","cache-control":"private,no-cache,no-store,max-age=0,must-revalidate","pragma":"no-cache","expires":"Thu, 01 Jan 1970 00:00:00 GMT","x-frame-options":"DENY","strict-transport-security":"max-age=64072000; includeSubDomains; preload"}

[debug] [2026-10-07T11:20:34.878Z] : http port : '3000' is not available. Hence port '3001' will be used instead.
[debug] [2026-10-07T11:20:34.883Z] : No basic functions to add
[debug] [2026-10-07T11:20:34.884Z] : Using container to serve the AppSail: AppSail
[info] [2026-10-07T11:20:35.067Z] : Skipping API Gateway rules
[info] [2026-10-07T11:20:35.187Z] : 
[info] [2026-10-07T11:20:35.188Z] :  >>>>>>>>>>>>>> AppSail <<<<<<<<<<<<<< 
[info] [2026-10-07T11:20:35.188Z] : i AppSail: http://localhost:3001
[info] [2026-10-07T11:20:35.188Z] : 
